Archive member included to satisfy reference by file (symbol)

/usr/lib/gcc/avr/6.3.0/avr5/libgcc.a(_udivmodsi4.o)
                              ./ATmega328.o (__udivmodsi4)
/usr/lib/gcc/avr/6.3.0/avr5/libgcc.a(_exit.o)
                              /usr/lib/gcc/avr/6.3.0/../../../../avr/lib/avr5/crtatmega328p.o (exit)
/usr/lib/gcc/avr/6.3.0/avr5/libgcc.a(_tablejump2.o)
                              ./ATmega328.o (__tablejump2__)
/usr/lib/gcc/avr/6.3.0/avr5/libgcc.a(_copy_data.o)
                              ./ATmega328.o (__do_copy_data)
/usr/lib/gcc/avr/6.3.0/avr5/libgcc.a(_clear_bss.o)
                              ./ATmega328.o (__do_clear_bss)
/usr/lib/gcc/avr/6.3.0/avr5/libgcc.a(_umulhisi3.o)
                              ./multiplosPWM_v2_20MHz.o (__umulhisi3)
/usr/lib/gcc/avr/6.3.0/avr5/libgcc.a(_ashrdi3.o)
                              ./ATmega328.o (__lshrdi3)
/usr/lib/gcc/avr/6.3.0/../../../../avr/lib/avr5/libc.a(memset.o)
                              ./multiplosPWM_v2_20MHz.o (memset)
/usr/lib/gcc/avr/6.3.0/../../../../avr/lib/avr5/libc.a(iob.o)
                              ./ATmega328.o (__iob)
/usr/lib/gcc/avr/6.3.0/../../../../avr/lib/avr5/libc.a(printf.o)
                              ./multiplosPWM_v2_20MHz.o (printf)
/usr/lib/gcc/avr/6.3.0/../../../../avr/lib/avr5/libc.a(puts.o)
                              ./multiplosPWM_v2_20MHz.o (puts)
/usr/lib/gcc/avr/6.3.0/../../../../avr/lib/avr5/libc.a(vfprintf_std.o)
                              /usr/lib/gcc/avr/6.3.0/../../../../avr/lib/avr5/libc.a(printf.o) (vfprintf)
/usr/lib/gcc/avr/6.3.0/../../../../avr/lib/avr5/libc.a(strnlen_P.o)
                              /usr/lib/gcc/avr/6.3.0/../../../../avr/lib/avr5/libc.a(vfprintf_std.o) (strnlen_P)
/usr/lib/gcc/avr/6.3.0/../../../../avr/lib/avr5/libc.a(strnlen.o)
                              /usr/lib/gcc/avr/6.3.0/../../../../avr/lib/avr5/libc.a(vfprintf_std.o) (strnlen)
/usr/lib/gcc/avr/6.3.0/../../../../avr/lib/avr5/libc.a(fputc.o)
                              /usr/lib/gcc/avr/6.3.0/../../../../avr/lib/avr5/libc.a(vfprintf_std.o) (fputc)
/usr/lib/gcc/avr/6.3.0/../../../../avr/lib/avr5/libc.a(ultoa_invert.o)
                              /usr/lib/gcc/avr/6.3.0/../../../../avr/lib/avr5/libc.a(vfprintf_std.o) (__ultoa_invert)
/usr/lib/gcc/avr/6.3.0/avr5/libgcc.a(_prologue.o)
                              /usr/lib/gcc/avr/6.3.0/../../../../avr/lib/avr5/libc.a(printf.o) (__prologue_saves__)
/usr/lib/gcc/avr/6.3.0/avr5/libgcc.a(_epilogue.o)
                              /usr/lib/gcc/avr/6.3.0/../../../../avr/lib/avr5/libc.a(printf.o) (__epilogue_restores__)

Allocating common symbols
Common symbol       size              file

pwmRegValue         0x8               ./multiplosPWM_v2_20MHz.o
ctrlPwm             0x1               ./multiplosPWM_v2_20MHz.o
adcCurrent          0x2               ./multiplosPWM_v2_20MHz.o
usartReceiverBuffer
                    0x32              ./ATmega328.o
ctrlAdc             0x1               ./multiplosPWM_v2_20MHz.o
usartReceiverBufferNextWrite
                    0x1               ./ATmega328.o
usartReceiverBufferLength
                    0x1               ./ATmega328.o
usartReceiverBufferNextRead
                    0x1               ./ATmega328.o
receiveWd           0x1               ./multiplosPWM_v2_20MHz.o
__iob               0x6               /usr/lib/gcc/avr/6.3.0/../../../../avr/lib/avr5/libc.a(iob.o)

Memory Configuration

Name             Origin             Length             Attributes
text             0x0000000000000000 0x0000000000020000 xr
data             0x0000000000800060 0x000000000000ffa0 rw !x
eeprom           0x0000000000810000 0x0000000000010000 rw !x
fuse             0x0000000000820000 0x0000000000000400 rw !x
lock             0x0000000000830000 0x0000000000000400 rw !x
signature        0x0000000000840000 0x0000000000000400 rw !x
user_signatures  0x0000000000850000 0x0000000000000400 rw !x
*default*        0x0000000000000000 0xffffffffffffffff

Linker script and memory map

Address of section .data set to 0x800100
LOAD /usr/lib/gcc/avr/6.3.0/../../../../avr/lib/avr5/crtatmega328p.o
LOAD ./ATmega328.o
LOAD ./multiplosPWM_v2_20MHz.o
START GROUP
LOAD /usr/lib/gcc/avr/6.3.0/avr5/libgcc.a
LOAD /usr/lib/gcc/avr/6.3.0/../../../../avr/lib/avr5/libm.a
LOAD /usr/lib/gcc/avr/6.3.0/../../../../avr/lib/avr5/libc.a
LOAD /usr/lib/gcc/avr/6.3.0/../../../../avr/lib/avr5/libatmega328p.a
END GROUP
                0x0000000000020000                __TEXT_REGION_LENGTH__ = DEFINED (__TEXT_REGION_LENGTH__)?__TEXT_REGION_LENGTH__:0x20000
                0x000000000000ffa0                __DATA_REGION_LENGTH__ = DEFINED (__DATA_REGION_LENGTH__)?__DATA_REGION_LENGTH__:0xffa0
                0x0000000000010000                __EEPROM_REGION_LENGTH__ = DEFINED (__EEPROM_REGION_LENGTH__)?__EEPROM_REGION_LENGTH__:0x10000
                0x0000000000000400                __FUSE_REGION_LENGTH__ = DEFINED (__FUSE_REGION_LENGTH__)?__FUSE_REGION_LENGTH__:0x400
                0x0000000000000400                __LOCK_REGION_LENGTH__ = DEFINED (__LOCK_REGION_LENGTH__)?__LOCK_REGION_LENGTH__:0x400
                0x0000000000000400                __SIGNATURE_REGION_LENGTH__ = DEFINED (__SIGNATURE_REGION_LENGTH__)?__SIGNATURE_REGION_LENGTH__:0x400
                0x0000000000000400                __USER_SIGNATURE_REGION_LENGTH__ = DEFINED (__USER_SIGNATURE_REGION_LENGTH__)?__USER_SIGNATURE_REGION_LENGTH__:0x400

.hash
 *(.hash)

.dynsym
 *(.dynsym)

.dynstr
 *(.dynstr)

.gnu.version
 *(.gnu.version)

.gnu.version_d
 *(.gnu.version_d)

.gnu.version_r
 *(.gnu.version_r)

.rel.init
 *(.rel.init)

.rela.init
 *(.rela.init)

.rel.text
 *(.rel.text)
 *(.rel.text.*)
 *(.rel.gnu.linkonce.t*)

.rela.text
 *(.rela.text)
 *(.rela.text.*)
 *(.rela.gnu.linkonce.t*)

.rel.fini
 *(.rel.fini)

.rela.fini
 *(.rela.fini)

.rel.rodata
 *(.rel.rodata)
 *(.rel.rodata.*)
 *(.rel.gnu.linkonce.r*)

.rela.rodata
 *(.rela.rodata)
 *(.rela.rodata.*)
 *(.rela.gnu.linkonce.r*)

.rel.data
 *(.rel.data)
 *(.rel.data.*)
 *(.rel.gnu.linkonce.d*)

.rela.data
 *(.rela.data)
 *(.rela.data.*)
 *(.rela.gnu.linkonce.d*)

.rel.ctors
 *(.rel.ctors)

.rela.ctors
 *(.rela.ctors)

.rel.dtors
 *(.rel.dtors)

.rela.dtors
 *(.rela.dtors)

.rel.got
 *(.rel.got)

.rela.got
 *(.rela.got)

.rel.bss
 *(.rel.bss)

.rela.bss
 *(.rela.bss)

.rel.plt
 *(.rel.plt)

.rela.plt
 *(.rela.plt)

.text           0x0000000000000000     0x4d88
 *(.vectors)
 .vectors       0x0000000000000000       0x68 /usr/lib/gcc/avr/6.3.0/../../../../avr/lib/avr5/crtatmega328p.o
                0x0000000000000000                __vectors
                0x0000000000000000                __vector_default
 *(.vectors)
 *(.progmem.gcc*)
                0x0000000000000068                . = ALIGN (0x2)
                0x0000000000000068                __trampolines_start = .
 *(.trampolines)
 .trampolines   0x0000000000000068        0x0 linker stubs
 *(.trampolines*)
                0x0000000000000068                __trampolines_end = .
 *libprintf_flt.a:*(.progmem.data)
 *libc.a:*(.progmem.data)
 *(.progmem*)
                0x0000000000000068                . = ALIGN (0x2)
 *(.jumptables)
 *(.jumptables*)
 *(.lowtext)
 *(.lowtext*)
                0x0000000000000068                __ctors_start = .
 *(.ctors)
                0x0000000000000068                __ctors_end = .
                0x0000000000000068                __dtors_start = .
 *(.dtors)
                0x0000000000000068                __dtors_end = .
 SORT(*)(.ctors)
 SORT(*)(.dtors)
 *(.init0)
 .init0         0x0000000000000068        0x0 /usr/lib/gcc/avr/6.3.0/../../../../avr/lib/avr5/crtatmega328p.o
                0x0000000000000068                __init
 *(.init0)
 *(.init1)
 *(.init1)
 *(.init2)
 .init2         0x0000000000000068        0xc /usr/lib/gcc/avr/6.3.0/../../../../avr/lib/avr5/crtatmega328p.o
 *(.init2)
 *(.init3)
 *(.init3)
 *(.init4)
 .init4         0x0000000000000074       0x16 /usr/lib/gcc/avr/6.3.0/avr5/libgcc.a(_copy_data.o)
                0x0000000000000074                __do_copy_data
 .init4         0x000000000000008a       0x10 /usr/lib/gcc/avr/6.3.0/avr5/libgcc.a(_clear_bss.o)
                0x000000000000008a                __do_clear_bss
 *(.init4)
 *(.init5)
 *(.init5)
 *(.init6)
 *(.init6)
 *(.init7)
 *(.init7)
 *(.init8)
 *(.init8)
 *(.init9)
 .init9         0x000000000000009a        0x8 /usr/lib/gcc/avr/6.3.0/../../../../avr/lib/avr5/crtatmega328p.o
 *(.init9)
 *(.text)
 .text          0x00000000000000a2        0x4 /usr/lib/gcc/avr/6.3.0/../../../../avr/lib/avr5/crtatmega328p.o
                0x00000000000000a2                __vector_22
                0x00000000000000a2                __vector_1
                0x00000000000000a2                __vector_24
                0x00000000000000a2                __bad_interrupt
                0x00000000000000a2                __vector_6
                0x00000000000000a2                __vector_3
                0x00000000000000a2                __vector_23
                0x00000000000000a2                __vector_25
                0x00000000000000a2                __vector_11
                0x00000000000000a2                __vector_13
                0x00000000000000a2                __vector_17
                0x00000000000000a2                __vector_19
                0x00000000000000a2                __vector_7
                0x00000000000000a2                __vector_5
                0x00000000000000a2                __vector_4
                0x00000000000000a2                __vector_2
                0x00000000000000a2                __vector_15
                0x00000000000000a2                __vector_8
                0x00000000000000a2                __vector_14
                0x00000000000000a2                __vector_10
                0x00000000000000a2                __vector_16
                0x00000000000000a2                __vector_20
 .text          0x00000000000000a6        0x0 ./ATmega328.o
 .text          0x00000000000000a6        0x0 ./multiplosPWM_v2_20MHz.o
 .text          0x00000000000000a6        0x0 /usr/lib/gcc/avr/6.3.0/avr5/libgcc.a(_udivmodsi4.o)
 .text          0x00000000000000a6        0x0 /usr/lib/gcc/avr/6.3.0/avr5/libgcc.a(_exit.o)
 .text          0x00000000000000a6        0x0 /usr/lib/gcc/avr/6.3.0/avr5/libgcc.a(_tablejump2.o)
 .text          0x00000000000000a6        0x0 /usr/lib/gcc/avr/6.3.0/avr5/libgcc.a(_copy_data.o)
 .text          0x00000000000000a6        0x0 /usr/lib/gcc/avr/6.3.0/avr5/libgcc.a(_clear_bss.o)
 .text          0x00000000000000a6        0x0 /usr/lib/gcc/avr/6.3.0/avr5/libgcc.a(_umulhisi3.o)
 .text          0x00000000000000a6        0x0 /usr/lib/gcc/avr/6.3.0/avr5/libgcc.a(_ashrdi3.o)
 .text          0x00000000000000a6        0x0 /usr/lib/gcc/avr/6.3.0/../../../../avr/lib/avr5/libc.a(memset.o)
 .text          0x00000000000000a6        0x0 /usr/lib/gcc/avr/6.3.0/../../../../avr/lib/avr5/libc.a(iob.o)
 .text          0x00000000000000a6        0x0 /usr/lib/gcc/avr/6.3.0/../../../../avr/lib/avr5/libc.a(printf.o)
 .text          0x00000000000000a6        0x0 /usr/lib/gcc/avr/6.3.0/../../../../avr/lib/avr5/libc.a(puts.o)
 .text          0x00000000000000a6        0x0 /usr/lib/gcc/avr/6.3.0/../../../../avr/lib/avr5/libc.a(vfprintf_std.o)
 .text          0x00000000000000a6        0x0 /usr/lib/gcc/avr/6.3.0/../../../../avr/lib/avr5/libc.a(strnlen_P.o)
 .text          0x00000000000000a6        0x0 /usr/lib/gcc/avr/6.3.0/../../../../avr/lib/avr5/libc.a(strnlen.o)
 .text          0x00000000000000a6        0x0 /usr/lib/gcc/avr/6.3.0/../../../../avr/lib/avr5/libc.a(fputc.o)
 .text          0x00000000000000a6        0x0 /usr/lib/gcc/avr/6.3.0/../../../../avr/lib/avr5/libc.a(ultoa_invert.o)
 .text          0x00000000000000a6        0x0 /usr/lib/gcc/avr/6.3.0/avr5/libgcc.a(_prologue.o)
 .text          0x00000000000000a6        0x0 /usr/lib/gcc/avr/6.3.0/avr5/libgcc.a(_epilogue.o)
                0x00000000000000a6                . = ALIGN (0x2)
 *(.text.*)
 .text.__iCliRetVal
                0x00000000000000a6       0x12 ./ATmega328.o
 .text.__iRestore
                0x00000000000000b8       0x2a ./ATmega328.o
 .text.globalInterruptEnable
                0x00000000000000e2       0x12 ./ATmega328.o
                0x00000000000000e2                globalInterruptEnable
 .text.globalInterruptDisable
                0x00000000000000f4       0x12 ./ATmega328.o
                0x00000000000000f4                globalInterruptDisable
 .text.systemClockSetPrescaler
                0x0000000000000106       0xca ./ATmega328.o
                0x0000000000000106                systemClockSetPrescaler
 .text.eepromSetOperationMode
                0x00000000000001d0       0x4a ./ATmega328.o
                0x00000000000001d0                eepromSetOperationMode
 .text.eepromReadyActivateInterrupt
                0x000000000000021a       0x22 ./ATmega328.o
                0x000000000000021a                eepromReadyActivateInterrupt
 .text.eepromReadyDeactivateInterrupt
                0x000000000000023c       0x22 ./ATmega328.o
                0x000000000000023c                eepromReadyDeactivateInterrupt
 .text.eepromWrite
                0x000000000000025e       0xa4 ./ATmega328.o
                0x000000000000025e                eepromWrite
 .text.eepromRead
                0x0000000000000302       0x58 ./ATmega328.o
                0x0000000000000302                eepromRead
 .text.globalPullUpEnable
                0x000000000000035a       0x22 ./ATmega328.o
                0x000000000000035a                globalPullUpEnable
 .text.pullUpDisable
                0x000000000000037c       0x22 ./ATmega328.o
                0x000000000000037c                pullUpDisable
 .text.int0Config
                0x000000000000039e      0x154 ./ATmega328.o
                0x000000000000039e                int0Config
 .text.int0ActivateInterrupt
                0x00000000000004f2       0x22 ./ATmega328.o
                0x00000000000004f2                int0ActivateInterrupt
 .text.int0DeactivateInterrupt
                0x0000000000000514       0x22 ./ATmega328.o
                0x0000000000000514                int0DeactivateInterrupt
 .text.int0ClearInterruptRequest
                0x0000000000000536       0x22 ./ATmega328.o
                0x0000000000000536                int0ClearInterruptRequest
 .text.int1Config
                0x0000000000000558      0x154 ./ATmega328.o
                0x0000000000000558                int1Config
 .text.int1ActivateInterrupt
                0x00000000000006ac       0x22 ./ATmega328.o
                0x00000000000006ac                int1ActivateInterrupt
 .text.int1DeactivateInterrupt
                0x00000000000006ce       0x22 ./ATmega328.o
                0x00000000000006ce                int1DeactivateInterrupt
 .text.int1ClearInterruptRequest
                0x00000000000006f0       0x22 ./ATmega328.o
                0x00000000000006f0                int1ClearInterruptRequest
 .text.pcint7_0Enable
                0x0000000000000712       0x22 ./ATmega328.o
                0x0000000000000712                pcint7_0Enable
 .text.pcint7_0Disable
                0x0000000000000734       0x22 ./ATmega328.o
                0x0000000000000734                pcint7_0Disable
 .text.pcint7_0ClearInterruptRequest
                0x0000000000000756       0x22 ./ATmega328.o
                0x0000000000000756                pcint7_0ClearInterruptRequest
 .text.pcint0ActivateInterrupt
                0x0000000000000778       0xf4 ./ATmega328.o
                0x0000000000000778                pcint0ActivateInterrupt
 .text.pcint0DeactivateInterrupt
                0x000000000000086c       0x22 ./ATmega328.o
                0x000000000000086c                pcint0DeactivateInterrupt
 .text.pcint1ActivateInterrupt
                0x000000000000088e       0xf4 ./ATmega328.o
                0x000000000000088e                pcint1ActivateInterrupt
 .text.pcint1DeactivateInterrupt
                0x0000000000000982       0x22 ./ATmega328.o
                0x0000000000000982                pcint1DeactivateInterrupt
 .text.pcint2ActivateInterrupt
                0x00000000000009a4       0xf4 ./ATmega328.o
                0x00000000000009a4                pcint2ActivateInterrupt
 .text.pcint2DeactivateInterrupt
                0x0000000000000a98       0x22 ./ATmega328.o
                0x0000000000000a98                pcint2DeactivateInterrupt
 .text.pcint3ActivateInterrupt
                0x0000000000000aba       0xf4 ./ATmega328.o
                0x0000000000000aba                pcint3ActivateInterrupt
 .text.pcint3DeactivateInterrupt
                0x0000000000000bae       0x22 ./ATmega328.o
                0x0000000000000bae                pcint3DeactivateInterrupt
 .text.pcint4ActivateInterrupt
                0x0000000000000bd0       0xf4 ./ATmega328.o
                0x0000000000000bd0                pcint4ActivateInterrupt
 .text.pcint4DeactivateInterrupt
                0x0000000000000cc4       0x22 ./ATmega328.o
                0x0000000000000cc4                pcint4DeactivateInterrupt
 .text.pcint5ActivateInterrupt
                0x0000000000000ce6       0xf4 ./ATmega328.o
                0x0000000000000ce6                pcint5ActivateInterrupt
 .text.pcint5DeactivateInterrupt
                0x0000000000000dda       0x22 ./ATmega328.o
                0x0000000000000dda                pcint5DeactivateInterrupt
 .text.pcint6ActivateInterrupt
                0x0000000000000dfc       0xf4 ./ATmega328.o
                0x0000000000000dfc                pcint6ActivateInterrupt
 .text.pcint6DeactivateInterrupt
                0x0000000000000ef0       0x22 ./ATmega328.o
                0x0000000000000ef0                pcint6DeactivateInterrupt
 .text.pcint7ActivateInterrupt
                0x0000000000000f12       0xf4 ./ATmega328.o
                0x0000000000000f12                pcint7ActivateInterrupt
 .text.pcint7DeactivateInterrupt
                0x0000000000001006       0x22 ./ATmega328.o
                0x0000000000001006                pcint7DeactivateInterrupt
 .text.pcint14_8Enable
                0x0000000000001028       0x22 ./ATmega328.o
                0x0000000000001028                pcint14_8Enable
 .text.pcint14_8Disable
                0x000000000000104a       0x22 ./ATmega328.o
                0x000000000000104a                pcint14_8Disable
 .text.pcint14_8ClearInterruptRequest
                0x000000000000106c       0x22 ./ATmega328.o
                0x000000000000106c                pcint14_8ClearInterruptRequest
 .text.pcint8ActivateInterrupt
                0x000000000000108e       0xf4 ./ATmega328.o
                0x000000000000108e                pcint8ActivateInterrupt
 .text.pcint8DeactivateInterrupt
                0x0000000000001182       0x22 ./ATmega328.o
                0x0000000000001182                pcint8DeactivateInterrupt
 .text.pcint9ActivateInterrupt
                0x00000000000011a4       0xf4 ./ATmega328.o
                0x00000000000011a4                pcint9ActivateInterrupt
 .text.pcint9DeactivateInterrupt
                0x0000000000001298       0x22 ./ATmega328.o
                0x0000000000001298                pcint9DeactivateInterrupt
 .text.pcint10ActivateInterrupt
                0x00000000000012ba       0xf4 ./ATmega328.o
                0x00000000000012ba                pcint10ActivateInterrupt
 .text.pcint10DeactivateInterrupt
                0x00000000000013ae       0x22 ./ATmega328.o
                0x00000000000013ae                pcint10DeactivateInterrupt
 .text.pcint11ActivateInterrupt
                0x00000000000013d0       0xf4 ./ATmega328.o
                0x00000000000013d0                pcint11ActivateInterrupt
 .text.pcint11DeactivateInterrupt
                0x00000000000014c4       0x22 ./ATmega328.o
                0x00000000000014c4                pcint11DeactivateInterrupt
 .text.pcint12ActivateInterrupt
                0x00000000000014e6       0xf4 ./ATmega328.o
                0x00000000000014e6                pcint12ActivateInterrupt
 .text.pcint12DeactivateInterrupt
                0x00000000000015da       0x22 ./ATmega328.o
                0x00000000000015da                pcint12DeactivateInterrupt
 .text.pcint13ActivateInterrupt
                0x00000000000015fc       0xf4 ./ATmega328.o
                0x00000000000015fc                pcint13ActivateInterrupt
 .text.pcint13DeactivateInterrupt
                0x00000000000016f0       0x22 ./ATmega328.o
                0x00000000000016f0                pcint13DeactivateInterrupt
 .text.pcint14ActivateInterrupt
                0x0000000000001712       0xf4 ./ATmega328.o
                0x0000000000001712                pcint14ActivateInterrupt
 .text.pcint14DeactivateInterrupt
                0x0000000000001806       0x22 ./ATmega328.o
                0x0000000000001806                pcint14DeactivateInterrupt
 .text.pcint23_16Enable
                0x0000000000001828       0x22 ./ATmega328.o
                0x0000000000001828                pcint23_16Enable
 .text.pcint23_16Disable
                0x000000000000184a       0x22 ./ATmega328.o
                0x000000000000184a                pcint23_16Disable
 .text.pcint23_16ClearInterruptRequest
                0x000000000000186c       0x22 ./ATmega328.o
                0x000000000000186c                pcint23_16ClearInterruptRequest
 .text.pcint16ActivateInterrupt
                0x000000000000188e       0xf4 ./ATmega328.o
                0x000000000000188e                pcint16ActivateInterrupt
 .text.pcint16DeactivateInterrupt
                0x0000000000001982       0x22 ./ATmega328.o
                0x0000000000001982                pcint16DeactivateInterrupt
 .text.pcint17ActivateInterrupt
                0x00000000000019a4       0xf4 ./ATmega328.o
                0x00000000000019a4                pcint17ActivateInterrupt
 .text.pcint17DeactivateInterrupt
                0x0000000000001a98       0x22 ./ATmega328.o
                0x0000000000001a98                pcint17DeactivateInterrupt
 .text.pcint18ActivateInterrupt
                0x0000000000001aba       0xf4 ./ATmega328.o
                0x0000000000001aba                pcint18ActivateInterrupt
 .text.pcint18DeactivateInterrupt
                0x0000000000001bae       0x22 ./ATmega328.o
                0x0000000000001bae                pcint18DeactivateInterrupt
 .text.pcint19ActivateInterrupt
                0x0000000000001bd0       0xf4 ./ATmega328.o
                0x0000000000001bd0                pcint19ActivateInterrupt
 .text.pcint19DeactivateInterrupt
                0x0000000000001cc4       0x22 ./ATmega328.o
                0x0000000000001cc4                pcint19DeactivateInterrupt
 .text.pcint20ActivateInterrupt
                0x0000000000001ce6       0xf4 ./ATmega328.o
                0x0000000000001ce6                pcint20ActivateInterrupt
 .text.pcint20DeactivateInterrupt
                0x0000000000001dda       0x22 ./ATmega328.o
                0x0000000000001dda                pcint20DeactivateInterrupt
 .text.pcint21ActivateInterrupt
                0x0000000000001dfc       0xf4 ./ATmega328.o
                0x0000000000001dfc                pcint21ActivateInterrupt
 .text.pcint21DeactivateInterrupt
                0x0000000000001ef0       0x22 ./ATmega328.o
                0x0000000000001ef0                pcint21DeactivateInterrupt
 .text.pcint22ActivateInterrupt
                0x0000000000001f12       0xf4 ./ATmega328.o
                0x0000000000001f12                pcint22ActivateInterrupt
 .text.pcint22DeactivateInterrupt
                0x0000000000002006       0x22 ./ATmega328.o
                0x0000000000002006                pcint22DeactivateInterrupt
 .text.pcint23ActivateInterrupt
                0x0000000000002028       0xf4 ./ATmega328.o
                0x0000000000002028                pcint23ActivateInterrupt
 .text.pcint23DeactivateInterrupt
                0x000000000000211c       0x22 ./ATmega328.o
                0x000000000000211c                pcint23DeactivateInterrupt
 .text.timer0Config
                0x000000000000213e      0x16a ./ATmega328.o
                0x000000000000213e                timer0Config
 .text.timer0OutputConfig
                0x00000000000022a8       0xe2 ./ATmega328.o
                0x00000000000022a8                timer0OutputConfig
 .text.timer0ActivateOverflowInterrupt
                0x000000000000238a       0x22 ./ATmega328.o
                0x000000000000238a                timer0ActivateOverflowInterrupt
 .text.timer0DeactivateOverflowInterrupt
                0x00000000000023ac       0x22 ./ATmega328.o
                0x00000000000023ac                timer0DeactivateOverflowInterrupt
 .text.timer0ClearOverflowInterruptRequest
                0x00000000000023ce       0x22 ./ATmega328.o
                0x00000000000023ce                timer0ClearOverflowInterruptRequest
 .text.timer0ActivateCompareAInterrupt
                0x00000000000023f0       0x22 ./ATmega328.o
                0x00000000000023f0                timer0ActivateCompareAInterrupt
 .text.timer0DeactivateCompareAInterrupt
                0x0000000000002412       0x22 ./ATmega328.o
                0x0000000000002412                timer0DeactivateCompareAInterrupt
 .text.timer0ClearCompareAInterruptRequest
                0x0000000000002434       0x22 ./ATmega328.o
                0x0000000000002434                timer0ClearCompareAInterruptRequest
 .text.timer0ActivateCompareBInterrupt
                0x0000000000002456       0x22 ./ATmega328.o
                0x0000000000002456                timer0ActivateCompareBInterrupt
 .text.timer0DeactivateCompareBInterrupt
                0x0000000000002478       0x22 ./ATmega328.o
                0x0000000000002478                timer0DeactivateCompareBInterrupt
 .text.timer0ClearCompareBInterruptRequest
                0x000000000000249a       0x22 ./ATmega328.o
                0x000000000000249a                timer0ClearCompareBInterruptRequest
 .text.timer0ForceCompareA
                0x00000000000024bc       0x22 ./ATmega328.o
                0x00000000000024bc                timer0ForceCompareA
 .text.timer0ForceCompareB
                0x00000000000024de       0x22 ./ATmega328.o
                0x00000000000024de                timer0ForceCompareB
 .text.timer0SetCounterValue
                0x0000000000002500       0x20 ./ATmega328.o
                0x0000000000002500                timer0SetCounterValue
 .text.timer0GetCounterValue
                0x0000000000002520       0x16 ./ATmega328.o
                0x0000000000002520                timer0GetCounterValue
 .text.timer0SetCompareAValue
                0x0000000000002536       0x20 ./ATmega328.o
                0x0000000000002536                timer0SetCompareAValue
 .text.timer0GetCompareAValue
                0x0000000000002556       0x16 ./ATmega328.o
                0x0000000000002556                timer0GetCompareAValue
 .text.timer0SetCompareBValue
                0x000000000000256c       0x20 ./ATmega328.o
                0x000000000000256c                timer0SetCompareBValue
 .text.timer0GetCompareBValue
                0x000000000000258c       0x16 ./ATmega328.o
                0x000000000000258c                timer0GetCompareBValue
 .text.timer1Config
                0x00000000000025a2       0xb6 ./ATmega328.o
                0x00000000000025a2                timer1Config
 .text.timer1OutputConfig
                0x0000000000002658       0x82 ./ATmega328.o
                0x0000000000002658                timer1OutputConfig
 .text.timer1InputCaptureNoiseCancelerConfig
                0x00000000000026da       0x3a ./ATmega328.o
                0x00000000000026da                timer1InputCaptureNoiseCancelerConfig
 .text.timer1ActivateOverflowInterrupt
                0x0000000000002714       0x22 ./ATmega328.o
                0x0000000000002714                timer1ActivateOverflowInterrupt
 .text.timer1DeactivateOverflowInterrupt
                0x0000000000002736       0x22 ./ATmega328.o
                0x0000000000002736                timer1DeactivateOverflowInterrupt
 .text.timer1ClearOverflowInterruptRequest
                0x0000000000002758       0x22 ./ATmega328.o
                0x0000000000002758                timer1ClearOverflowInterruptRequest
 .text.timer1ActivateCompareAInterrupt
                0x000000000000277a       0x22 ./ATmega328.o
                0x000000000000277a                timer1ActivateCompareAInterrupt
 .text.timer1DeactivateCompareAInterrupt
                0x000000000000279c       0x22 ./ATmega328.o
                0x000000000000279c                timer1DeactivateCompareAInterrupt
 .text.timer1ClearCompareAInterruptRequest
                0x00000000000027be       0x22 ./ATmega328.o
                0x00000000000027be                timer1ClearCompareAInterruptRequest
 .text.timer1ActivateCompareBInterrupt
                0x00000000000027e0       0x22 ./ATmega328.o
                0x00000000000027e0                timer1ActivateCompareBInterrupt
 .text.timer1DeactivateCompareBInterrupt
                0x0000000000002802       0x22 ./ATmega328.o
                0x0000000000002802                timer1DeactivateCompareBInterrupt
 .text.timer1ClearCompareBInterruptRequest
                0x0000000000002824       0x22 ./ATmega328.o
                0x0000000000002824                timer1ClearCompareBInterruptRequest
 .text.timer1ActivateInputCaptureInterrupt
                0x0000000000002846       0x22 ./ATmega328.o
                0x0000000000002846                timer1ActivateInputCaptureInterrupt
 .text.timer1DeactivateInputCaptureInterrupt
                0x0000000000002868       0x22 ./ATmega328.o
                0x0000000000002868                timer1DeactivateInputCaptureInterrupt
 .text.timer1ClearInputCaptureInterruptRequest
                0x000000000000288a       0x22 ./ATmega328.o
                0x000000000000288a                timer1ClearInputCaptureInterruptRequest
 .text.timer1ForceCompareA
                0x00000000000028ac       0x22 ./ATmega328.o
                0x00000000000028ac                timer1ForceCompareA
 .text.timer1ForceCompareB
                0x00000000000028ce       0x22 ./ATmega328.o
                0x00000000000028ce                timer1ForceCompareB
 .text.timer1SetCounterValue
                0x00000000000028f0       0x50 ./ATmega328.o
                0x00000000000028f0                timer1SetCounterValue
 .text.timer1GetCounterValue
                0x0000000000002940       0x18 ./ATmega328.o
                0x0000000000002940                timer1GetCounterValue
 .text.timer1SetCompareAValue
                0x0000000000002958       0x50 ./ATmega328.o
                0x0000000000002958                timer1SetCompareAValue
 .text.timer1GetCompareAValue
                0x00000000000029a8       0x18 ./ATmega328.o
                0x00000000000029a8                timer1GetCompareAValue
 .text.timer1SetCompareBValue
                0x00000000000029c0       0x50 ./ATmega328.o
                0x00000000000029c0                timer1SetCompareBValue
 .text.timer1GetCompareBValue
                0x0000000000002a10       0x18 ./ATmega328.o
                0x0000000000002a10                timer1GetCompareBValue
 .text.timer1SetInputCaptureValue
                0x0000000000002a28       0x50 ./ATmega328.o
                0x0000000000002a28                timer1SetInputCaptureValue
 .text.timer1GetInputCaptureValue
                0x0000000000002a78       0x18 ./ATmega328.o
                0x0000000000002a78                timer1GetInputCaptureValue
 .text.timer2Config
                0x0000000000002a90       0x94 ./ATmega328.o
                0x0000000000002a90                timer2Config
 .text.timer2OutputConfig
                0x0000000000002b24       0x82 ./ATmega328.o
                0x0000000000002b24                timer2OutputConfig
 .text.timer2ActivateOverflowInterrupt
                0x0000000000002ba6       0x22 ./ATmega328.o
                0x0000000000002ba6                timer2ActivateOverflowInterrupt
 .text.timer2DeactivateOverflowInterrupt
                0x0000000000002bc8       0x22 ./ATmega328.o
                0x0000000000002bc8                timer2DeactivateOverflowInterrupt
 .text.timer2ClearOverflowInterruptRequest
                0x0000000000002bea       0x22 ./ATmega328.o
                0x0000000000002bea                timer2ClearOverflowInterruptRequest
 .text.timer2ActivateCompareAInterrupt
                0x0000000000002c0c       0x22 ./ATmega328.o
                0x0000000000002c0c                timer2ActivateCompareAInterrupt
 .text.timer2DeactivateCompareAInterrupt
                0x0000000000002c2e       0x22 ./ATmega328.o
                0x0000000000002c2e                timer2DeactivateCompareAInterrupt
 .text.timer2ClearCompareAInterruptRequest
                0x0000000000002c50       0x22 ./ATmega328.o
                0x0000000000002c50                timer2ClearCompareAInterruptRequest
 .text.timer2ActivateCompareBInterrupt
                0x0000000000002c72       0x22 ./ATmega328.o
                0x0000000000002c72                timer2ActivateCompareBInterrupt
 .text.timer2DeactivateCompareBInterrupt
                0x0000000000002c94       0x22 ./ATmega328.o
                0x0000000000002c94                timer2DeactivateCompareBInterrupt
 .text.timer2ClearCompareBInterruptRequest
                0x0000000000002cb6       0x22 ./ATmega328.o
                0x0000000000002cb6                timer2ClearCompareBInterruptRequest
 .text.timer2ForceCompareA
                0x0000000000002cd8       0x22 ./ATmega328.o
                0x0000000000002cd8                timer2ForceCompareA
 .text.timer2ForceCompareB
                0x0000000000002cfa       0x22 ./ATmega328.o
                0x0000000000002cfa                timer2ForceCompareB
 .text.timer2SetCounterValue
                0x0000000000002d1c       0x20 ./ATmega328.o
                0x0000000000002d1c                timer2SetCounterValue
 .text.timer2GetCounterValue
                0x0000000000002d3c       0x16 ./ATmega328.o
                0x0000000000002d3c                timer2GetCounterValue
 .text.timer2SetCompareAValue
                0x0000000000002d52       0x20 ./ATmega328.o
                0x0000000000002d52                timer2SetCompareAValue
 .text.timer2GetCompareAValue
                0x0000000000002d72       0x16 ./ATmega328.o
                0x0000000000002d72                timer2GetCompareAValue
 .text.timer2SetCompareBValue
                0x0000000000002d88       0x20 ./ATmega328.o
                0x0000000000002d88                timer2SetCompareBValue
 .text.timer2GetCompareBValue
                0x0000000000002da8       0x16 ./ATmega328.o
                0x0000000000002da8                timer2GetCompareBValue
 .text.adcConfig
                0x0000000000002dbe      0x14c ./ATmega328.o
                0x0000000000002dbe                adcConfig
 .text.adcSelectChannel
                0x0000000000002f0a       0x3a ./ATmega328.o
                0x0000000000002f0a                adcSelectChannel
 .text.adcEnableDigitalInput
                0x0000000000002f44       0x2e ./ATmega328.o
                0x0000000000002f44                adcEnableDigitalInput
 .text.adcDisableDigitalInput
                0x0000000000002f72       0x2a ./ATmega328.o
                0x0000000000002f72                adcDisableDigitalInput
 .text.adcDataPresentation
                0x0000000000002f9c       0x42 ./ATmega328.o
                0x0000000000002f9c                adcDataPresentation
 .text.adcEnable
                0x0000000000002fde       0x22 ./ATmega328.o
                0x0000000000002fde                adcEnable
 .text.adcDisable
                0x0000000000003000       0x22 ./ATmega328.o
                0x0000000000003000                adcDisable
 .text.adcClearInterruptRequest
                0x0000000000003022       0x22 ./ATmega328.o
                0x0000000000003022                adcClearInterruptRequest
 .text.adcActivateInterrupt
                0x0000000000003044       0x22 ./ATmega328.o
                0x0000000000003044                adcActivateInterrupt
 .text.adcDeactivateInterrupt
                0x0000000000003066       0x22 ./ATmega328.o
                0x0000000000003066                adcDeactivateInterrupt
 .text.adcStartConversion
                0x0000000000003088       0x22 ./ATmega328.o
                0x0000000000003088                adcStartConversion
 .text.adcIsBusy
                0x00000000000030aa       0x20 ./ATmega328.o
                0x00000000000030aa                adcIsBusy
 .text.adcWaitUntilConversionFinish
                0x00000000000030ca       0x2c ./ATmega328.o
                0x00000000000030ca                adcWaitUntilConversionFinish
 .text.usartConfig
                0x00000000000030f6      0x34e ./ATmega328.o
                0x00000000000030f6                usartConfig
 .text.usartEnableReceiver
                0x0000000000003444       0x22 ./ATmega328.o
                0x0000000000003444                usartEnableReceiver
 .text.usartDisableReceiver
                0x0000000000003466       0x22 ./ATmega328.o
                0x0000000000003466                usartDisableReceiver
 .text.usartEnableTransmitter
                0x0000000000003488       0x22 ./ATmega328.o
                0x0000000000003488                usartEnableTransmitter
 .text.usartDisableTransmitter
                0x00000000000034aa       0x22 ./ATmega328.o
                0x00000000000034aa                usartDisableTransmitter
 .text.usartActivateReceptionCompleteInterrupt
                0x00000000000034cc       0x22 ./ATmega328.o
                0x00000000000034cc                usartActivateReceptionCompleteInterrupt
 .text.usartDeactivateReceptionCompleteInterrupt
                0x00000000000034ee       0x22 ./ATmega328.o
                0x00000000000034ee                usartDeactivateReceptionCompleteInterrupt
 .text.usartActivateTransmissionCompleteInterrupt
                0x0000000000003510       0x22 ./ATmega328.o
                0x0000000000003510                usartActivateTransmissionCompleteInterrupt
 .text.usartDeactivateTransmissionCompleteInterrupt
                0x0000000000003532       0x22 ./ATmega328.o
                0x0000000000003532                usartDeactivateTransmissionCompleteInterrupt
 .text.usartActivateBufferEmptyInterrupt
                0x0000000000003554       0x22 ./ATmega328.o
                0x0000000000003554                usartActivateBufferEmptyInterrupt
 .text.usartDeactivateBufferEmptyInterrupt
                0x0000000000003576       0x22 ./ATmega328.o
                0x0000000000003576                usartDeactivateBufferEmptyInterrupt
 .text.usartStdio
                0x0000000000003598       0x3c ./ATmega328.o
                0x0000000000003598                usartStdio
 .text.usartIsReceptionComplete
                0x00000000000035d4       0x1e ./ATmega328.o
                0x00000000000035d4                usartIsReceptionComplete
 .text.usartIsTransmissionComplete
                0x00000000000035f2       0x20 ./ATmega328.o
                0x00000000000035f2                usartIsTransmissionComplete
 .text.usartIsBufferEmpty
                0x0000000000003612       0x1e ./ATmega328.o
                0x0000000000003612                usartIsBufferEmpty
 .text.usartCheckError
                0x0000000000003630       0x7c ./ATmega328.o
                0x0000000000003630                usartCheckError
 .text.usartTransmit
                0x00000000000036ac       0x2a ./ATmega328.o
                0x00000000000036ac                usartTransmit
 .text.usartTransmit9bits
                0x00000000000036d6       0x6a ./ATmega328.o
                0x00000000000036d6                usartTransmit9bits
 .text.usartTransmitStd
                0x0000000000003740       0x34 ./ATmega328.o
                0x0000000000003740                usartTransmitStd
 .text.usartReceive
                0x0000000000003774       0x2e ./ATmega328.o
                0x0000000000003774                usartReceive
 .text.usartReceive9bits
                0x00000000000037a2       0x74 ./ATmega328.o
                0x00000000000037a2                usartReceive9bits
 .text.usartReceiveStd
                0x0000000000003816       0x2e ./ATmega328.o
                0x0000000000003816                usartReceiveStd
 .text.usartClearReceptionBuffer
                0x0000000000003844       0x28 ./ATmega328.o
                0x0000000000003844                usartClearReceptionBuffer
 .text.usartAddDataToReceiverBuffer
                0x000000000000386c       0x9e ./ATmega328.o
                0x000000000000386c                usartAddDataToReceiverBuffer
 .text.usartGetDataFromReceiverBuffer
                0x000000000000390a       0x62 ./ATmega328.o
                0x000000000000390a                usartGetDataFromReceiverBuffer
 .text.usartIsReceiverBufferEmpty
                0x000000000000396c       0x1c ./ATmega328.o
                0x000000000000396c                usartIsReceiverBufferEmpty
 .text.usartGetCurrentBaudRate
                0x0000000000003988       0x2e ./ATmega328.o
                0x0000000000003988                usartGetCurrentBaudRate
 .text.spiInit  0x00000000000039b6       0x10 ./ATmega328.o
                0x00000000000039b6                spiInit
 .text.spiMasterTransmit
                0x00000000000039c6       0x40 ./ATmega328.o
                0x00000000000039c6                spiMasterTransmit
 .text.spiSlaveTransmit
                0x0000000000003a06       0x30 ./ATmega328.o
                0x0000000000003a06                spiSlaveTransmit
 .text.main     0x0000000000003a36      0x7d2 ./multiplosPWM_v2_20MHz.o
                0x0000000000003a36                main
 .text.__vector_18
                0x0000000000004208       0x5e ./multiplosPWM_v2_20MHz.o
                0x0000000000004208                __vector_18
 .text.__vector_21
                0x0000000000004266       0x7a ./multiplosPWM_v2_20MHz.o
                0x0000000000004266                __vector_21
 .text.__vector_12
                0x00000000000042e0      0x134 ./multiplosPWM_v2_20MHz.o
                0x00000000000042e0                __vector_12
 .text.__vector_9
                0x0000000000004414       0x30 ./multiplosPWM_v2_20MHz.o
                0x0000000000004414                __vector_9
 .text.receivePackageData
                0x0000000000004444      0x1a2 ./multiplosPWM_v2_20MHz.o
                0x0000000000004444                receivePackageData
 .text.buildTransmitPackageData
                0x00000000000045e6       0xfe ./multiplosPWM_v2_20MHz.o
                0x00000000000045e6                buildTransmitPackageData
 .text.libgcc.mul
                0x00000000000046e4        0x0 /usr/lib/gcc/avr/6.3.0/avr5/libgcc.a(_udivmodsi4.o)
 .text.libgcc.div
                0x00000000000046e4       0x44 /usr/lib/gcc/avr/6.3.0/avr5/libgcc.a(_udivmodsi4.o)
                0x00000000000046e4                __udivmodsi4
 .text.libgcc   0x0000000000004728        0x0 /usr/lib/gcc/avr/6.3.0/avr5/libgcc.a(_udivmodsi4.o)
 .text.libgcc.prologue
                0x0000000000004728        0x0 /usr/lib/gcc/avr/6.3.0/avr5/libgcc.a(_udivmodsi4.o)
 .text.libgcc.builtins
                0x0000000000004728        0x0 /usr/lib/gcc/avr/6.3.0/avr5/libgcc.a(_udivmodsi4.o)
 .text.libgcc.fmul
                0x0000000000004728        0x0 /usr/lib/gcc/avr/6.3.0/avr5/libgcc.a(_udivmodsi4.o)
 .text.libgcc.fixed
                0x0000000000004728        0x0 /usr/lib/gcc/avr/6.3.0/avr5/libgcc.a(_udivmodsi4.o)
 .text.libgcc.mul
                0x0000000000004728        0x0 /usr/lib/gcc/avr/6.3.0/avr5/libgcc.a(_exit.o)
 .text.libgcc.div
                0x0000000000004728        0x0 /usr/lib/gcc/avr/6.3.0/avr5/libgcc.a(_exit.o)
 .text.libgcc   0x0000000000004728        0x0 /usr/lib/gcc/avr/6.3.0/avr5/libgcc.a(_exit.o)
 .text.libgcc.prologue
                0x0000000000004728        0x0 /usr/lib/gcc/avr/6.3.0/avr5/libgcc.a(_exit.o)
 .text.libgcc.builtins
                0x0000000000004728        0x0 /usr/lib/gcc/avr/6.3.0/avr5/libgcc.a(_exit.o)
 .text.libgcc.fmul
                0x0000000000004728        0x0 /usr/lib/gcc/avr/6.3.0/avr5/libgcc.a(_exit.o)
 .text.libgcc.fixed
                0x0000000000004728        0x0 /usr/lib/gcc/avr/6.3.0/avr5/libgcc.a(_exit.o)
 .text.libgcc.mul
                0x0000000000004728        0x0 /usr/lib/gcc/avr/6.3.0/avr5/libgcc.a(_tablejump2.o)
 .text.libgcc.div
                0x0000000000004728        0x0 /usr/lib/gcc/avr/6.3.0/avr5/libgcc.a(_tablejump2.o)
 .text.libgcc   0x0000000000004728        0xc /usr/lib/gcc/avr/6.3.0/avr5/libgcc.a(_tablejump2.o)
                0x0000000000004728                __tablejump2__
 .text.libgcc.prologue
                0x0000000000004734        0x0 /usr/lib/gcc/avr/6.3.0/avr5/libgcc.a(_tablejump2.o)
 .text.libgcc.builtins
                0x0000000000004734        0x0 /usr/lib/gcc/avr/6.3.0/avr5/libgcc.a(_tablejump2.o)
 .text.libgcc.fmul
                0x0000000000004734        0x0 /usr/lib/gcc/avr/6.3.0/avr5/libgcc.a(_tablejump2.o)
 .text.libgcc.fixed
                0x0000000000004734        0x0 /usr/lib/gcc/avr/6.3.0/avr5/libgcc.a(_tablejump2.o)
 .text.libgcc.mul
                0x0000000000004734        0x0 /usr/lib/gcc/avr/6.3.0/avr5/libgcc.a(_copy_data.o)
 .text.libgcc.div
                0x0000000000004734        0x0 /usr/lib/gcc/avr/6.3.0/avr5/libgcc.a(_copy_data.o)
 .text.libgcc   0x0000000000004734        0x0 /usr/lib/gcc/avr/6.3.0/avr5/libgcc.a(_copy_data.o)
 .text.libgcc.prologue
                0x0000000000004734        0x0 /usr/lib/gcc/avr/6.3.0/avr5/libgcc.a(_copy_data.o)
 .text.libgcc.builtins
                0x0000000000004734        0x0 /usr/lib/gcc/avr/6.3.0/avr5/libgcc.a(_copy_data.o)
 .text.libgcc.fmul
                0x0000000000004734        0x0 /usr/lib/gcc/avr/6.3.0/avr5/libgcc.a(_copy_data.o)
 .text.libgcc.fixed
                0x0000000000004734        0x0 /usr/lib/gcc/avr/6.3.0/avr5/libgcc.a(_copy_data.o)
 .text.libgcc.mul
                0x0000000000004734        0x0 /usr/lib/gcc/avr/6.3.0/avr5/libgcc.a(_clear_bss.o)
 .text.libgcc.div
                0x0000000000004734        0x0 /usr/lib/gcc/avr/6.3.0/avr5/libgcc.a(_clear_bss.o)
 .text.libgcc   0x0000000000004734        0x0 /usr/lib/gcc/avr/6.3.0/avr5/libgcc.a(_clear_bss.o)
 .text.libgcc.prologue
                0x0000000000004734        0x0 /usr/lib/gcc/avr/6.3.0/avr5/libgcc.a(_clear_bss.o)
 .text.libgcc.builtins
                0x0000000000004734        0x0 /usr/lib/gcc/avr/6.3.0/avr5/libgcc.a(_clear_bss.o)
 .text.libgcc.fmul
                0x0000000000004734        0x0 /usr/lib/gcc/avr/6.3.0/avr5/libgcc.a(_clear_bss.o)
 .text.libgcc.fixed
                0x0000000000004734        0x0 /usr/lib/gcc/avr/6.3.0/avr5/libgcc.a(_clear_bss.o)
 .text.libgcc.mul
                0x0000000000004734       0x1e /usr/lib/gcc/avr/6.3.0/avr5/libgcc.a(_umulhisi3.o)
                0x0000000000004734                __umulhisi3
 .text.libgcc.div
                0x0000000000004752        0x0 /usr/lib/gcc/avr/6.3.0/avr5/libgcc.a(_umulhisi3.o)
 .text.libgcc   0x0000000000004752        0x0 /usr/lib/gcc/avr/6.3.0/avr5/libgcc.a(_umulhisi3.o)
 .text.libgcc.prologue
                0x0000000000004752        0x0 /usr/lib/gcc/avr/6.3.0/avr5/libgcc.a(_umulhisi3.o)
 .text.libgcc.builtins
                0x0000000000004752        0x0 /usr/lib/gcc/avr/6.3.0/avr5/libgcc.a(_umulhisi3.o)
 .text.libgcc.fmul
                0x0000000000004752        0x0 /usr/lib/gcc/avr/6.3.0/avr5/libgcc.a(_umulhisi3.o)
 .text.libgcc.fixed
                0x0000000000004752        0x0 /usr/lib/gcc/avr/6.3.0/avr5/libgcc.a(_umulhisi3.o)
 .text.libgcc.mul
                0x0000000000004752        0x0 /usr/lib/gcc/avr/6.3.0/avr5/libgcc.a(_ashrdi3.o)
 .text.libgcc.div
                0x0000000000004752        0x0 /usr/lib/gcc/avr/6.3.0/avr5/libgcc.a(_ashrdi3.o)
 .text.libgcc   0x0000000000004752        0x0 /usr/lib/gcc/avr/6.3.0/avr5/libgcc.a(_ashrdi3.o)
 .text.libgcc.prologue
                0x0000000000004752        0x0 /usr/lib/gcc/avr/6.3.0/avr5/libgcc.a(_ashrdi3.o)
 .text.libgcc.builtins
                0x0000000000004752       0x3c /usr/lib/gcc/avr/6.3.0/avr5/libgcc.a(_ashrdi3.o)
                0x0000000000004752                __ashrdi3
                0x0000000000004756                __lshrdi3
 .text.libgcc.fmul
                0x000000000000478e        0x0 /usr/lib/gcc/avr/6.3.0/avr5/libgcc.a(_ashrdi3.o)
 .text.libgcc.fixed
                0x000000000000478e        0x0 /usr/lib/gcc/avr/6.3.0/avr5/libgcc.a(_ashrdi3.o)
 .text.avr-libc
                0x000000000000478e        0xe /usr/lib/gcc/avr/6.3.0/../../../../avr/lib/avr5/libc.a(memset.o)
                0x000000000000478e                memset
 .text.avr-libc
                0x000000000000479c       0x2c /usr/lib/gcc/avr/6.3.0/../../../../avr/lib/avr5/libc.a(printf.o)
                0x000000000000479c                printf
 .text.avr-libc
                0x00000000000047c8       0x60 /usr/lib/gcc/avr/6.3.0/../../../../avr/lib/avr5/libc.a(puts.o)
                0x00000000000047c8                puts
 .text.avr-libc
                0x0000000000004828      0x3a6 /usr/lib/gcc/avr/6.3.0/../../../../avr/lib/avr5/libc.a(vfprintf_std.o)
                0x0000000000004828                vfprintf
 .text.avr-libc
                0x0000000000004bce       0x16 /usr/lib/gcc/avr/6.3.0/../../../../avr/lib/avr5/libc.a(strnlen_P.o)
                0x0000000000004bce                strnlen_P
 .text.avr-libc
                0x0000000000004be4       0x16 /usr/lib/gcc/avr/6.3.0/../../../../avr/lib/avr5/libc.a(strnlen.o)
                0x0000000000004be4                strnlen
 .text.avr-libc
                0x0000000000004bfa       0x60 /usr/lib/gcc/avr/6.3.0/../../../../avr/lib/avr5/libc.a(fputc.o)
                0x0000000000004bfa                fputc
 .text.avr-libc
                0x0000000000004c5a       0xbc /usr/lib/gcc/avr/6.3.0/../../../../avr/lib/avr5/libc.a(ultoa_invert.o)
                0x0000000000004c5a                __ultoa_invert
 .text.libgcc.mul
                0x0000000000004d16        0x0 /usr/lib/gcc/avr/6.3.0/avr5/libgcc.a(_prologue.o)
 .text.libgcc.div
                0x0000000000004d16        0x0 /usr/lib/gcc/avr/6.3.0/avr5/libgcc.a(_prologue.o)
 .text.libgcc   0x0000000000004d16        0x0 /usr/lib/gcc/avr/6.3.0/avr5/libgcc.a(_prologue.o)
 .text.libgcc.prologue
                0x0000000000004d16       0x38 /usr/lib/gcc/avr/6.3.0/avr5/libgcc.a(_prologue.o)
                0x0000000000004d16                __prologue_saves__
 .text.libgcc.builtins
                0x0000000000004d4e        0x0 /usr/lib/gcc/avr/6.3.0/avr5/libgcc.a(_prologue.o)
 .text.libgcc.fmul
                0x0000000000004d4e        0x0 /usr/lib/gcc/avr/6.3.0/avr5/libgcc.a(_prologue.o)
 .text.libgcc.fixed
                0x0000000000004d4e        0x0 /usr/lib/gcc/avr/6.3.0/avr5/libgcc.a(_prologue.o)
 .text.libgcc.mul
                0x0000000000004d4e        0x0 /usr/lib/gcc/avr/6.3.0/avr5/libgcc.a(_epilogue.o)
 .text.libgcc.div
                0x0000000000004d4e        0x0 /usr/lib/gcc/avr/6.3.0/avr5/libgcc.a(_epilogue.o)
 .text.libgcc   0x0000000000004d4e        0x0 /usr/lib/gcc/avr/6.3.0/avr5/libgcc.a(_epilogue.o)
 .text.libgcc.prologue
                0x0000000000004d4e       0x36 /usr/lib/gcc/avr/6.3.0/avr5/libgcc.a(_epilogue.o)
                0x0000000000004d4e                __epilogue_restores__
 .text.libgcc.builtins
                0x0000000000004d84        0x0 /usr/lib/gcc/avr/6.3.0/avr5/libgcc.a(_epilogue.o)
 .text.libgcc.fmul
                0x0000000000004d84        0x0 /usr/lib/gcc/avr/6.3.0/avr5/libgcc.a(_epilogue.o)
 .text.libgcc.fixed
                0x0000000000004d84        0x0 /usr/lib/gcc/avr/6.3.0/avr5/libgcc.a(_epilogue.o)
                0x0000000000004d84                . = ALIGN (0x2)
 *(.fini9)
 .fini9         0x0000000000004d84        0x0 /usr/lib/gcc/avr/6.3.0/avr5/libgcc.a(_exit.o)
                0x0000000000004d84                exit
                0x0000000000004d84                _exit
 *(.fini9)
 *(.fini8)
 *(.fini8)
 *(.fini7)
 *(.fini7)
 *(.fini6)
 *(.fini6)
 *(.fini5)
 *(.fini5)
 *(.fini4)
 *(.fini4)
 *(.fini3)
 *(.fini3)
 *(.fini2)
 *(.fini2)
 *(.fini1)
 *(.fini1)
 *(.fini0)
 .fini0         0x0000000000004d84        0x4 /usr/lib/gcc/avr/6.3.0/avr5/libgcc.a(_exit.o)
 *(.fini0)
                0x0000000000004d88                _etext = .

.data           0x0000000000800100       0x40 load address 0x0000000000004d88
                0x0000000000800100                PROVIDE (__data_start, .)
 *(.data)
 .data          0x0000000000800100        0x0 /usr/lib/gcc/avr/6.3.0/../../../../avr/lib/avr5/crtatmega328p.o
 .data          0x0000000000800100        0x0 ./ATmega328.o
 .data          0x0000000000800100        0x0 ./multiplosPWM_v2_20MHz.o
 .data          0x0000000000800100        0x0 /usr/lib/gcc/avr/6.3.0/avr5/libgcc.a(_udivmodsi4.o)
 .data          0x0000000000800100        0x0 /usr/lib/gcc/avr/6.3.0/avr5/libgcc.a(_exit.o)
 .data          0x0000000000800100        0x0 /usr/lib/gcc/avr/6.3.0/avr5/libgcc.a(_tablejump2.o)
 .data          0x0000000000800100        0x0 /usr/lib/gcc/avr/6.3.0/avr5/libgcc.a(_copy_data.o)
 .data          0x0000000000800100        0x0 /usr/lib/gcc/avr/6.3.0/avr5/libgcc.a(_clear_bss.o)
 .data          0x0000000000800100        0x0 /usr/lib/gcc/avr/6.3.0/avr5/libgcc.a(_umulhisi3.o)
 .data          0x0000000000800100        0x0 /usr/lib/gcc/avr/6.3.0/avr5/libgcc.a(_ashrdi3.o)
 .data          0x0000000000800100        0x0 /usr/lib/gcc/avr/6.3.0/../../../../avr/lib/avr5/libc.a(memset.o)
 .data          0x0000000000800100        0x0 /usr/lib/gcc/avr/6.3.0/../../../../avr/lib/avr5/libc.a(iob.o)
 .data          0x0000000000800100        0x0 /usr/lib/gcc/avr/6.3.0/../../../../avr/lib/avr5/libc.a(printf.o)
 .data          0x0000000000800100        0x0 /usr/lib/gcc/avr/6.3.0/../../../../avr/lib/avr5/libc.a(puts.o)
 .data          0x0000000000800100        0x0 /usr/lib/gcc/avr/6.3.0/../../../../avr/lib/avr5/libc.a(vfprintf_std.o)
 .data          0x0000000000800100        0x0 /usr/lib/gcc/avr/6.3.0/../../../../avr/lib/avr5/libc.a(strnlen_P.o)
 .data          0x0000000000800100        0x0 /usr/lib/gcc/avr/6.3.0/../../../../avr/lib/avr5/libc.a(strnlen.o)
 .data          0x0000000000800100        0x0 /usr/lib/gcc/avr/6.3.0/../../../../avr/lib/avr5/libc.a(fputc.o)
 .data          0x0000000000800100        0x0 /usr/lib/gcc/avr/6.3.0/../../../../avr/lib/avr5/libc.a(ultoa_invert.o)
 .data          0x0000000000800100        0x0 /usr/lib/gcc/avr/6.3.0/avr5/libgcc.a(_prologue.o)
 .data          0x0000000000800100        0x0 /usr/lib/gcc/avr/6.3.0/avr5/libgcc.a(_epilogue.o)
 *(.data*)
 .data.usartStream
                0x0000000000800100        0xe ./ATmega328.o
                0x0000000000800100                usartStream
 *(.rodata)
 .rodata        0x000000000080010e       0x31 ./multiplosPWM_v2_20MHz.o
 *(.rodata*)
 *(.gnu.linkonce.d*)
                0x0000000000800140                . = ALIGN (0x2)
 *fill*         0x000000000080013f        0x1 
                0x0000000000800140                _edata = .
                0x0000000000800140                PROVIDE (__data_end, .)

.bss            0x0000000000800140       0x48
                0x0000000000800140                PROVIDE (__bss_start, .)
 *(.bss)
 .bss           0x0000000000800140        0x0 /usr/lib/gcc/avr/6.3.0/../../../../avr/lib/avr5/crtatmega328p.o
 .bss           0x0000000000800140        0x0 ./ATmega328.o
 .bss           0x0000000000800140        0x0 ./multiplosPWM_v2_20MHz.o
 .bss           0x0000000000800140        0x0 /usr/lib/gcc/avr/6.3.0/avr5/libgcc.a(_udivmodsi4.o)
 .bss           0x0000000000800140        0x0 /usr/lib/gcc/avr/6.3.0/avr5/libgcc.a(_exit.o)
 .bss           0x0000000000800140        0x0 /usr/lib/gcc/avr/6.3.0/avr5/libgcc.a(_tablejump2.o)
 .bss           0x0000000000800140        0x0 /usr/lib/gcc/avr/6.3.0/avr5/libgcc.a(_copy_data.o)
 .bss           0x0000000000800140        0x0 /usr/lib/gcc/avr/6.3.0/avr5/libgcc.a(_clear_bss.o)
 .bss           0x0000000000800140        0x0 /usr/lib/gcc/avr/6.3.0/avr5/libgcc.a(_umulhisi3.o)
 .bss           0x0000000000800140        0x0 /usr/lib/gcc/avr/6.3.0/avr5/libgcc.a(_ashrdi3.o)
 .bss           0x0000000000800140        0x0 /usr/lib/gcc/avr/6.3.0/../../../../avr/lib/avr5/libc.a(memset.o)
 .bss           0x0000000000800140        0x0 /usr/lib/gcc/avr/6.3.0/../../../../avr/lib/avr5/libc.a(iob.o)
 .bss           0x0000000000800140        0x0 /usr/lib/gcc/avr/6.3.0/../../../../avr/lib/avr5/libc.a(printf.o)
 .bss           0x0000000000800140        0x0 /usr/lib/gcc/avr/6.3.0/../../../../avr/lib/avr5/libc.a(puts.o)
 .bss           0x0000000000800140        0x0 /usr/lib/gcc/avr/6.3.0/../../../../avr/lib/avr5/libc.a(vfprintf_std.o)
 .bss           0x0000000000800140        0x0 /usr/lib/gcc/avr/6.3.0/../../../../avr/lib/avr5/libc.a(strnlen_P.o)
 .bss           0x0000000000800140        0x0 /usr/lib/gcc/avr/6.3.0/../../../../avr/lib/avr5/libc.a(strnlen.o)
 .bss           0x0000000000800140        0x0 /usr/lib/gcc/avr/6.3.0/../../../../avr/lib/avr5/libc.a(fputc.o)
 .bss           0x0000000000800140        0x0 /usr/lib/gcc/avr/6.3.0/../../../../avr/lib/avr5/libc.a(ultoa_invert.o)
 .bss           0x0000000000800140        0x0 /usr/lib/gcc/avr/6.3.0/avr5/libgcc.a(_prologue.o)
 .bss           0x0000000000800140        0x0 /usr/lib/gcc/avr/6.3.0/avr5/libgcc.a(_epilogue.o)
 *(.bss*)
 *(COMMON)
 COMMON         0x0000000000800140       0x35 ./ATmega328.o
                0x0000000000800140                usartReceiverBuffer
                0x0000000000800172                usartReceiverBufferNextWrite
                0x0000000000800173                usartReceiverBufferLength
                0x0000000000800174                usartReceiverBufferNextRead
 COMMON         0x0000000000800175        0xd ./multiplosPWM_v2_20MHz.o
                0x0000000000800175                pwmRegValue
                0x000000000080017d                ctrlPwm
                0x000000000080017e                adcCurrent
                0x0000000000800180                ctrlAdc
                0x0000000000800181                receiveWd
 COMMON         0x0000000000800182        0x6 /usr/lib/gcc/avr/6.3.0/../../../../avr/lib/avr5/libc.a(iob.o)
                0x0000000000800182                __iob
                0x0000000000800188                PROVIDE (__bss_end, .)
                0x0000000000004d88                __data_load_start = LOADADDR (.data)
                0x0000000000004dc8                __data_load_end = (__data_load_start + SIZEOF (.data))

.noinit         0x0000000000800188        0x0
                [!provide]                        PROVIDE (__noinit_start, .)
 *(.noinit*)
                [!provide]                        PROVIDE (__noinit_end, .)
                0x0000000000800188                _end = .
                [!provide]                        PROVIDE (__heap_start, .)

.eeprom         0x0000000000810000        0x0
 *(.eeprom*)
                0x0000000000810000                __eeprom_end = .

.fuse
 *(.fuse)
 *(.lfuse)
 *(.hfuse)
 *(.efuse)

.lock
 *(.lock*)

.signature
 *(.signature*)

.stab           0x0000000000000000     0x5d9c
 *(.stab)
 .stab          0x0000000000000000     0x5040 ./ATmega328.o
 .stab          0x0000000000005040      0xd5c ./multiplosPWM_v2_20MHz.o
                                       0x1254 (size before relaxing)

.stabstr        0x0000000000000000     0x422a
 *(.stabstr)
 .stabstr       0x0000000000000000     0x422a ./ATmega328.o

.stab.excl
 *(.stab.excl)

.stab.exclstr
 *(.stab.exclstr)

.stab.index
 *(.stab.index)

.stab.indexstr
 *(.stab.indexstr)

.comment        0x0000000000000000       0x22
 *(.comment)
 .comment       0x0000000000000000       0x11 ./ATmega328.o
                                         0x12 (size before relaxing)
 .comment       0x0000000000000011       0x12 ./multiplosPWM_v2_20MHz.o
 .comment       0x0000000000000011       0x11 /usr/lib/gcc/avr/6.3.0/../../../../avr/lib/avr5/libc.a(iob.o)
                                         0x12 (size before relaxing)
 .comment       0x0000000000000022       0x12 /usr/lib/gcc/avr/6.3.0/../../../../avr/lib/avr5/libc.a(printf.o)
 .comment       0x0000000000000022       0x12 /usr/lib/gcc/avr/6.3.0/../../../../avr/lib/avr5/libc.a(puts.o)
 .comment       0x0000000000000022       0x12 /usr/lib/gcc/avr/6.3.0/../../../../avr/lib/avr5/libc.a(vfprintf_std.o)
 .comment       0x0000000000000022       0x12 /usr/lib/gcc/avr/6.3.0/../../../../avr/lib/avr5/libc.a(fputc.o)

.note.gnu.avr.deviceinfo
                0x0000000000000000       0x40
 .note.gnu.avr.deviceinfo
                0x0000000000000000       0x40 /usr/lib/gcc/avr/6.3.0/../../../../avr/lib/avr5/crtatmega328p.o

.avr.prop       0x0000000000000000       0x28
 .avr.prop      0x0000000000000000       0x28 ./ATmega328.o

.note.gnu.build-id
 *(.note.gnu.build-id)

.debug
 *(.debug)

.line
 *(.line)

.debug_srcinfo
 *(.debug_srcinfo)

.debug_sfnames
 *(.debug_sfnames)

.debug_aranges
 *(.debug_aranges)

.debug_pubnames
 *(.debug_pubnames)

.debug_info     0x0000000000000000      0x5f4
 *(.debug_info .gnu.linkonce.wi.*)
 .debug_info    0x0000000000000000      0x5f4 /usr/lib/gcc/avr/6.3.0/../../../../avr/lib/avr5/crtatmega328p.o

.debug_abbrev   0x0000000000000000      0x5a2
 *(.debug_abbrev)
 .debug_abbrev  0x0000000000000000      0x5a2 /usr/lib/gcc/avr/6.3.0/../../../../avr/lib/avr5/crtatmega328p.o

.debug_line     0x0000000000000000       0x1d
 *(.debug_line .debug_line.* .debug_line_end)
 .debug_line    0x0000000000000000       0x1d /usr/lib/gcc/avr/6.3.0/../../../../avr/lib/avr5/crtatmega328p.o

.debug_frame
 *(.debug_frame)

.debug_str      0x0000000000000000      0x208
 *(.debug_str)
 .debug_str     0x0000000000000000      0x208 /usr/lib/gcc/avr/6.3.0/../../../../avr/lib/avr5/crtatmega328p.o

.debug_loc
 *(.debug_loc)

.debug_macinfo
 *(.debug_macinfo)

.debug_weaknames
 *(.debug_weaknames)

.debug_funcnames
 *(.debug_funcnames)

.debug_typenames
 *(.debug_typenames)

.debug_varnames
 *(.debug_varnames)

.debug_pubtypes
 *(.debug_pubtypes)

.debug_ranges
 *(.debug_ranges)

.debug_macro
 *(.debug_macro)
OUTPUT(multiplosPWM_v2_20MHz.elf elf32-avr)
LOAD linker stubs
